2024-11-27T09:16:26.014+05:30  INFO 11340 --- [application_data] [restartedMain] c.example.demo.ApplicationApplication    : Starting ApplicationApplication using Java 22.0.2 with PID 11340 (D:\KMSS_Workspace\kprsalahalu-app\kprsalahalu-backend\target\classes started by DELL in D:\KMSS_Workspace\kprsalahalu-app\kprsalahalu-backend)
2024-11-27T09:16:26.042+05:30  INFO 11340 --- [application_data] [restartedMain] c.example.demo.ApplicationApplication    : No active profile set, falling back to 1 default profile: "default"
2024-11-27T09:16:26.180+05:30  INFO 11340 --- [application_data] [restartedMain] .e.DevToolsPropertyDefaultsPostProcessor : Devtools property defaults active! Set 'spring.devtools.add-properties' to 'false' to disable
2024-11-27T09:16:26.180+05:30  INFO 11340 --- [application_data] [restartedMain] .e.DevToolsPropertyDefaultsPostProcessor : For additional web related logging consider setting the 'logging.level.web' property to 'DEBUG'
2024-11-27T09:16:27.929+05:30  INFO 11340 --- [application_data] [restartedMain] .s.d.r.c.RepositoryConfigurationDelegate : Bootstrapping Spring Data JPA repositories in DEFAULT mode.
2024-11-27T09:16:28.048+05:30  INFO 11340 --- [application_data] [restartedMain] .s.d.r.c.RepositoryConfigurationDelegate : Finished Spring Data repository scanning in 97 ms. Found 3 JPA repository interfaces.
2024-11-27T09:16:29.342+05:30  INFO 11340 --- [application_data] [restartedMain] o.s.b.w.embedded.tomcat.TomcatWebServer  : Tomcat initialized with port 8080 (http)
2024-11-27T09:16:29.372+05:30  INFO 11340 --- [application_data] [restartedMain] o.apache.catalina.core.StandardService   : Starting service [Tomcat]
2024-11-27T09:16:29.372+05:30  INFO 11340 --- [application_data] [restartedMain] o.apache.catalina.core.StandardEngine    : Starting Servlet engine: [Apache Tomcat/10.1.28]
2024-11-27T09:16:29.464+05:30  INFO 11340 --- [application_data] [restartedMain] o.a.c.c.C.[Tomcat].[localhost].[/]       : Initializing Spring embedded WebApplicationContext
2024-11-27T09:16:29.464+05:30  INFO 11340 --- [application_data] [restartedMain] w.s.c.ServletWebServerApplicationContext : Root WebApplicationContext: initialization completed in 3283 ms
2024-11-27T09:16:29.772+05:30  INFO 11340 --- [application_data] [restartedMain] o.hibernate.jpa.internal.util.LogHelper  : HHH000204: Processing PersistenceUnitInfo [name: default]
2024-11-27T09:16:29.887+05:30  INFO 11340 --- [application_data] [restartedMain] org.hibernate.Version                    : HHH000412: Hibernate ORM core version 6.5.2.Final
2024-11-27T09:16:29.962+05:30  INFO 11340 --- [application_data] [restartedMain] o.h.c.internal.RegionFactoryInitiator    : HHH000026: Second-level cache disabled
2024-11-27T09:16:30.584+05:30  INFO 11340 --- [application_data] [restartedMain] o.s.o.j.p.SpringPersistenceUnitInfo      : No LoadTimeWeaver setup: ignoring JPA class transformer
2024-11-27T09:16:30.647+05:30  INFO 11340 --- [application_data] [restartedMain] com.zaxxer.hikari.HikariDataSource       : HikariPool-1 - Starting...
2024-11-27T09:16:30.965+05:30  INFO 11340 --- [application_data] [restartedMain] com.zaxxer.hikari.pool.HikariPool        : HikariPool-1 - Added connection com.mysql.cj.jdbc.ConnectionImpl@109df4d2
2024-11-27T09:16:30.970+05:30  INFO 11340 --- [application_data] [restartedMain] com.zaxxer.hikari.HikariDataSource       : HikariPool-1 - Start completed.
2024-11-27T09:16:31.012+05:30  WARN 11340 --- [application_data] [restartedMain] org.hibernate.orm.deprecation            : HHH90000025: MySQL8Dialect does not need to be specified explicitly using 'hibernate.dialect' (remove the property setting and it will be selected by default)
2024-11-27T09:16:31.015+05:30  WARN 11340 --- [application_data] [restartedMain] org.hibernate.orm.deprecation            : HHH90000026: MySQL8Dialect has been deprecated; use org.hibernate.dialect.MySQLDialect instead
2024-11-27T09:16:32.653+05:30  INFO 11340 --- [application_data] [restartedMain] o.h.e.t.j.p.i.JtaPlatformInitiator       : HHH000489: No JTA platform available (set 'hibernate.transaction.jta.platform' to enable JTA platform integration)
2024-11-27T09:16:32.848+05:30  INFO 11340 --- [application_data] [restartedMain] j.LocalContainerEntityManagerFactoryBean : Initialized JPA EntityManagerFactory for persistence unit 'default'
2024-11-27T09:16:33.430+05:30  INFO 11340 --- [application_data] [restartedMain] o.s.d.j.r.query.QueryEnhancerFactory     : Hibernate is in classpath; If applicable, HQL parser will be used.
2024-11-27T09:16:34.824+05:30  WARN 11340 --- [application_data] [restartedMain] JpaBaseConfiguration$JpaWebConfiguration : spring.jpa.open-in-view is enabled by default. Therefore, database queries may be performed during view rendering. Explicitly configure spring.jpa.open-in-view to disable this warning
2024-11-27T09:16:35.150+05:30 DEBUG 11340 --- [application_data] [restartedMain] s.w.s.m.m.a.RequestMappingHandlerMapping : 21 mappings in 'requestMappingHandlerMapping'
2024-11-27T09:16:35.424+05:30 DEBUG 11340 --- [application_data] [restartedMain] o.s.w.s.handler.SimpleUrlHandlerMapping  : Patterns [/webjars/**, /**, /swagger-ui*/*swagger-initializer.js, /swagger-ui*/**] in 'resourceHandlerMapping'
2024-11-27T09:16:35.563+05:30 DEBUG 11340 --- [application_data] [restartedMain] s.w.s.m.m.a.RequestMappingHandlerAdapter : ControllerAdvice beans: 0 @ModelAttribute, 0 @InitBinder, 1 RequestBodyAdvice, 1 ResponseBodyAdvice
2024-11-27T09:16:35.686+05:30 DEBUG 11340 --- [application_data] [restartedMain] .m.m.a.ExceptionHandlerExceptionResolver : ControllerAdvice beans: 2 @ExceptionHandler, 1 ResponseBodyAdvice
2024-11-27T09:16:36.134+05:30  INFO 11340 --- [application_data] [restartedMain] o.s.b.d.a.OptionalLiveReloadServer       : LiveReload server is running on port 35729
2024-11-27T09:16:36.199+05:30  INFO 11340 --- [application_data] [restartedMain] o.s.b.w.embedded.tomcat.TomcatWebServer  : Tomcat started on port 8080 (http) with context path '/'
2024-11-27T09:16:36.227+05:30  INFO 11340 --- [application_data] [restartedMain] c.example.demo.ApplicationApplication    : Started ApplicationApplication in 11.283 seconds (process running for 18.471)
